
== gdformat --check
159 files would be left unchanged

== gdlint
Success: no problems found

== import

== tests (GUT)
[1m3/3 passed.
[0m



[33m==============================================
[0m[33m= Run Summary
[0m[33m==============================================
[0m
Totals
------
Scripts              68
Tests               736
Passing Tests       736
Asserts            9048
Time              331.183s


[32m---- All tests passed! ----
[0m
Results saved to res://.gut_reports/junit.xml
WARNING: 8 ObjectDB instances were leaked at exit (run with `--verbose` for details).
   at: cleanup (core/object/object.cpp:2536)
ERROR: 4 resources still in use at exit (run with --verbose for details).
   at: clear (core/io/resource.cpp:822)

== smoke run (escena principal, 120 frames)
OK

✓ verify OK
