Godot Engine v4.7.2.stable.official.ed1daf0bf - https://godotengine.org

[   0% ] [90m[1mfirst_scan_filesystem[22m | Started Inicialización del proyecto (5 steps)[39m[0m
[   0% ] [90m[1mfirst_scan_filesystem[22m | Escaneando la estructura del archivo...[39m[0m
[  16% ] [90m[1mfirst_scan_filesystem[22m | Cargando nombres de clases globales...[39m[0m
[  33% ] [90m[1mfirst_scan_filesystem[22m | Verificando GDExtensions...[39m[0m
[  50% ] [90m[1mfirst_scan_filesystem[22m | Creando scripts de carga automática...[39m[0m
[  66% ] [90m[1mfirst_scan_filesystem[22m | Inicializando plugins...[39m[0m
[  83% ] [90m[1mfirst_scan_filesystem[22m | Iniciando escaneo de archivos...[39m[0m
[92m[ DONE ][39m [1mfirst_scan_filesystem[22m
[0m
[   0% ] [90m[1m_update_scan_actions[22m | Started Escaneando acciones... (18 steps)[39m[0m
[   0% ] [90m[1m_update_scan_actions[22m | counter_1m.glb[39m[0m
[   5% ] [90m[1m_update_scan_actions[22m | counter_2m.glb[39m[0m
[  10% ] [90m[1m_update_scan_actions[22m | counter_3m.glb[39m[0m
[  15% ] [90m[1m_update_scan_actions[22m | counter_corner.glb[39m[0m
[  21% ] [90m[1m_update_scan_actions[22m | counter_end.glb[39m[0m
[  26% ] [90m[1m_update_scan_actions[22m | counter_half.glb[39m[0m
[  31% ] [90m[1m_update_scan_actions[22m | counter_props_board.glb[39m[0m
[  36% ] [90m[1m_update_scan_actions[22m | counter_props_crock.glb[39m[0m
[  42% ] [90m[1m_update_scan_actions[22m | drain_grate.glb[39m[0m
[  47% ] [90m[1m_update_scan_actions[22m | pass_1m.glb[39m[0m
[  52% ] [90m[1m_update_scan_actions[22m | pass_2m.glb[39m[0m
[  57% ] [90m[1m_update_scan_actions[22m | pass_3m.glb[39m[0m
[  63% ] [90m[1m_update_scan_actions[22m | pass_end.glb[39m[0m
[  68% ] [90m[1m_update_scan_actions[22m | pass_mark.glb[39m[0m
[  73% ] [90m[1m_update_scan_actions[22m | pass_threshold.glb[39m[0m
[  78% ] [90m[1m_update_scan_actions[22m | rail_1m.glb[39m[0m
[  84% ] [90m[1m_update_scan_actions[22m | box.glb[39m[0m
[  89% ] [90m[1m_update_scan_actions[22m | box_shelf.glb[39m[0m
[92m[ DONE ][39m [1m_update_scan_actions[22m
[0m
[   0% ] [90m[1mreimport[22m | Started (Re)Importación de Assets (55 steps)[39m[0m
[   0% ] [90m[1mreimport[22m | Preparando archivos para reimportarlos...[39m[0m
[   1% ] [90m[1mreimport[22m | Preparando archivos para reimportarlos...[39m[0m
[   3% ] [90m[1mreimport[22m | Preparando archivos para reimportarlos...[39m[0m
[   5% ] [90m[1mreimport[22m | Preparando archivos para reimportarlos...[39m[0m
[   7% ] [90m[1mreimport[22m | Preparando archivos para reimportarlos...[39m[0m
[   8% ] [90m[1mreimport[22m | Preparando archivos para reimportarlos...[39m[0m
[  10% ] [90m[1mreimport[22m | Preparando archivos para reimportarlos...[39m[0m
[  12% ] [90m[1mreimport[22m | Preparando archivos para reimportarlos...[39m[0m
[  14% ] [90m[1mreimport[22m | Preparando archivos para reimportarlos...[39m[0m
[  16% ] [90m[1mreimport[22m | Preparando archivos para reimportarlos...[39m[0m
[  17% ] [90m[1mreimport[22m | Preparando archivos para reimportarlos...[39m[0m
[  19% ] [90m[1mreimport[22m | Preparando archivos para reimportarlos...[39m[0m
[  21% ] [90m[1mreimport[22m | Preparando archivos para reimportarlos...[39m[0m
[  23% ] [90m[1mreimport[22m | Preparando archivos para reimportarlos...[39m[0m
[  25% ] [90m[1mreimport[22m | Preparando archivos para reimportarlos...[39m[0m
[  26% ] [90m[1mreimport[22m | Preparando archivos para reimportarlos...[39m[0m
[  28% ] [90m[1mreimport[22m | Preparando archivos para reimportarlos...[39m[0m
[  30% ] [90m[1mreimport[22m | Preparando archivos para reimportarlos...[39m[0m
[  32% ] [90m[1mreimport[22m | Preparando archivos para reimportarlos...[39m[0m
[  33% ] [90m[1mreimport[22m | Preparando archivos para reimportarlos...[39m[0m
[  35% ] [90m[1mreimport[22m | Preparando archivos para reimportarlos...[39m[0m
[  37% ] [90m[1mreimport[22m | Preparando archivos para reimportarlos...[39m[0m
[  39% ] [90m[1mreimport[22m | Preparando archivos para reimportarlos...[39m[0m
[  41% ] [90m[1mreimport[22m | Preparando archivos para reimportarlos...[39m[0m
[  42% ] [90m[1mreimport[22m | Preparando archivos para reimportarlos...[39m[0m
[  44% ] [90m[1mreimport[22m | Preparando archivos para reimportarlos...[39m[0m
[  46% ] [90m[1mreimport[22m | Preparando archivos para reimportarlos...[39m[0m
[  48% ] [90m[1mreimport[22m | Preparando archivos para reimportarlos...[39m[0m
[  50% ] [90m[1mreimport[22m | Preparando archivos para reimportarlos...[39m[0m
[  51% ] [90m[1mreimport[22m | Preparando archivos para reimportarlos...[39m[0m
[  53% ] [90m[1mreimport[22m | Preparando archivos para reimportarlos...[39m[0m
[  55% ] [90m[1mreimport[22m | Preparando archivos para reimportarlos...[39m[0m
[  57% ] [90m[1mreimport[22m | Preparando archivos para reimportarlos...[39m[0m
[  58% ] [90m[1mreimport[22m | Preparando archivos para reimportarlos...[39m[0m
[  60% ] [90m[1mreimport[22m | Preparando archivos para reimportarlos...[39m[0m
[  62% ] [90m[1mreimport[22m | Preparando archivos para reimportarlos...[39m[0m
[  64% ] [90m[1mreimport[22m | Preparando archivos para reimportarlos...[39m[0m
[  66% ] [90m[1mreimport[22m | Preparando archivos para reimportarlos...[39m[0m
[  67% ] [90m[1mreimport[22m | Preparando archivos para reimportarlos...[39m[0m
[  69% ] [90m[1mreimport[22m | Preparando archivos para reimportarlos...[39m[0m
[  71% ] [90m[1mreimport[22m | Preparando archivos para reimportarlos...[39m[0m
[  73% ] [90m[1mreimport[22m | Preparando archivos para reimportarlos...[39m[0m
[  75% ] [90m[1mreimport[22m | Preparando archivos para reimportarlos...[39m[0m
[  76% ] [90m[1mreimport[22m | Preparando archivos para reimportarlos...[39m[0m
[  78% ] [90m[1mreimport[22m | Preparando archivos para reimportarlos...[39m[0m
[  80% ] [90m[1mreimport[22m | Preparando archivos para reimportarlos...[39m[0m
[  82% ] [90m[1mreimport[22m | Preparando archivos para reimportarlos...[39m[0m
[  83% ] [90m[1mreimport[22m | Preparando archivos para reimportarlos...[39m[0m
[  85% ] [90m[1mreimport[22m | Preparando archivos para reimportarlos...[39m[0m
[  87% ] [90m[1mreimport[22m | Preparando archivos para reimportarlos...[39m[0m
[  89% ] [90m[1mreimport[22m | Preparando archivos para reimportarlos...[39m[0m
[  91% ] [90m[1mreimport[22m | Preparando archivos para reimportarlos...[39m[0m
[  92% ] [90m[1mreimport[22m | Preparando archivos para reimportarlos...[39m[0m
[  94% ] [90m[1mreimport[22m | Preparando archivos para reimportarlos...[39m[0m
[  96% ] [90m[1mreimport[22m | Preparando archivos para reimportarlos...[39m[0m
[   0% ] [90m[1mreimport[22m | Ejecutando operaciones de pre-reimportación...[39m[0m
[   0% ] [90m[1mpreload_reimporting_scene[22m | Started Preparando escenas para recargar (1 steps)[39m[0m
[   0% ] [90m[1mpreload_reimporting_scene[22m | Analizando escena [vacío][39m[0m
[  50% ] [90m[1mpreload_reimporting_scene[22m | Preparación terminada.[39m[0m
[92m[ DONE ][39m [1mpreload_reimporting_scene[22m
[0m
[   0% ] [90m[1mreimport[22m | pass_3m_steel_brushed_normal.png[39m[0m
[   1% ] [90m[1mreimport[22m | pass_3m_counter_atlas.png[39m[0m
[   3% ] [90m[1mreimport[22m | pass_3m_cardboard_albedo.png[39m[0m
[   5% ] [90m[1mreimport[22m | pass_3m_cardboard_orm.png[39m[0m
[   7% ] [90m[1mreimport[22m | pass_end_steel_brushed_top_albedo.png[39m[0m
[   8% ] [90m[1mreimport[22m | pass_end_steel_brushed_top_orm.png[39m[0m
[  10% ] [90m[1mreimport[22m | pass_end_steel_brushed_top_normal.png[39m[0m
[  12% ] [90m[1mreimport[22m | pass_end_steel_brushed_albedo.png[39m[0m
[  14% ] [90m[1mreimport[22m | pass_end_steel_brushed_orm.png[39m[0m
[  16% ] [90m[1mreimport[22m | pass_end_steel_brushed_normal.png[39m[0m
[  17% ] [90m[1mreimport[22m | pass_end_counter_atlas.png[39m[0m
[  19% ] [90m[1mreimport[22m | pass_end_cardboard_albedo.png[39m[0m
[  21% ] [90m[1mreimport[22m | pass_end_cardboard_orm.png[39m[0m
[  23% ] [90m[1mreimport[22m | pass_threshold_counter_atlas.png[39m[0m
[  25% ] [90m[1mreimport[22m | box_shelf_cardboard_albedo.png[39m[0m
[  26% ] [90m[1mreimport[22m | box_shelf_cardboard_orm.png[39m[0m
[  28% ] [90m[1mreimport[22m | box_shelf_tray_atlas.png[39m[0m
[  30% ] [90m[1mreimport[22m | box_shelf_tray_orm.png[39m[0m
[  32% ] [90m[1mreimport[22m | box_shelf_steel_brushed_albedo.png[39m[0m
[  33% ] [90m[1mreimport[22m | box_shelf_steel_brushed_orm.png[39m[0m
[  35% ] [90m[1mreimport[22m | box_shelf_steel_brushed_normal.png[39m[0m
[  37% ] [90m[1mreimport[22m | box_shelf_steel_brushed_top_albedo.png[39m[0m
[  39% ] [90m[1mreimport[22m | box_shelf_steel_brushed_top_orm.png[39m[0m
[  41% ] [90m[1mreimport[22m | box_shelf_steel_brushed_top_normal.png[39m[0m
[  42% ] [90m[1mreimport[22m | box_shelf_plastic_albedo.png[39m[0m
[  44% ] [90m[1mreimport[22m | box_shelf_plastic_orm.png[39m[0m
[  46% ] [90m[1mreimport[22m | pass_1m_steel_brushed_orm.png[39m[0m
[  48% ] [90m[1mreimport[22m | pass_1m_steel_brushed_normal.png[39m[0m
[  50% ] [90m[1mreimport[22m | pass_1m_counter_atlas.png[39m[0m
[  51% ] [90m[1mreimport[22m | pass_1m_cardboard_albedo.png[39m[0m
[  53% ] [90m[1mreimport[22m | pass_1m_cardboard_orm.png[39m[0m
[  55% ] [90m[1mreimport[22m | pass_1m_steel_brushed_albedo.png[39m[0m
[  57% ] [90m[1mreimport[22m | pass_2m_steel_brushed_top_albedo.png[39m[0m
[  58% ] [90m[1mreimport[22m | pass_1m_steel_brushed_top_normal.png[39m[0m
[  60% ] [90m[1mreimport[22m | pass_2m_steel_brushed_top_orm.png[39m[0m
[  62% ] [90m[1mreimport[22m | pass_1m_steel_brushed_top_orm.png[39m[0m
[  64% ] [90m[1mreimport[22m | pass_2m_steel_brushed_top_normal.png[39m[0m
[  66% ] [90m[1mreimport[22m | pass_2m_steel_brushed_albedo.png[39m[0m
[  67% ] [90m[1mreimport[22m | pass_2m_steel_brushed_orm.png[39m[0m
[  69% ] [90m[1mreimport[22m | pass_2m_steel_brushed_normal.png[39m[0m
[  71% ] [90m[1mreimport[22m | pass_2m_counter_atlas.png[39m[0m
[  73% ] [90m[1mreimport[22m | pass_2m_cardboard_albedo.png[39m[0m
[  75% ] [90m[1mreimport[22m | pass_2m_cardboard_orm.png[39m[0m
[  76% ] [90m[1mreimport[22m | pass_1m_steel_brushed_top_albedo.png[39m[0m
[  78% ] [90m[1mreimport[22m | pass_3m_steel_brushed_top_albedo.png[39m[0m
[  80% ] [90m[1mreimport[22m | pass_3m_steel_brushed_top_orm.png[39m[0m
[  82% ] [90m[1mreimport[22m | pass_3m_steel_brushed_top_normal.png[39m[0m
[  83% ] [90m[1mreimport[22m | pass_3m_steel_brushed_albedo.png[39m[0m
[  85% ] [90m[1mreimport[22m | pass_3m_steel_brushed_orm.png[39m[0m
[  87% ] [90m[1mreimport[22m | pass_1m.glb[39m[0m
[   0% ] [90m[1mimport[22m | Started Importar Escena (104 steps)[39m[0m
[   0% ] [90m[1mimport[22m | Importando Escena...[39m[0m
[   1% ] [90m[1mimport[22m | Ejecutando Script Personalizado...[39m[0m
[  99% ] [90m[1mimport[22m | Guardando...[39m[0m
[92m[ DONE ][39m [1mimport[22m
[0m
[  89% ] [90m[1mreimport[22m | pass_2m.glb[39m[0m
[   0% ] [90m[1mimport[22m | Started Importar Escena (104 steps)[39m[0m
[   0% ] [90m[1mimport[22m | Importando Escena...[39m[0m
[   1% ] [90m[1mimport[22m | Ejecutando Script Personalizado...[39m[0m
[  99% ] [90m[1mimport[22m | Guardando...[39m[0m
[92m[ DONE ][39m [1mimport[22m
[0m
[  91% ] [90m[1mreimport[22m | box_shelf.glb[39m[0m
[   0% ] [90m[1mimport[22m | Started Importar Escena (104 steps)[39m[0m
[   0% ] [90m[1mimport[22m | Importando Escena...[39m[0m
[   1% ] [90m[1mimport[22m | Ejecutando Script Personalizado...[39m[0m
[  99% ] [90m[1mimport[22m | Guardando...[39m[0m
[92m[ DONE ][39m [1mimport[22m
[0m
[  92% ] [90m[1mreimport[22m | pass_threshold.glb[39m[0m
[   0% ] [90m[1mimport[22m | Started Importar Escena (104 steps)[39m[0m
[   0% ] [90m[1mimport[22m | Importando Escena...[39m[0m
[   1% ] [90m[1mimport[22m | Ejecutando Script Personalizado...[39m[0m
[  99% ] [90m[1mimport[22m | Guardando...[39m[0m
[92m[ DONE ][39m [1mimport[22m
[0m
[  94% ] [90m[1mreimport[22m | pass_3m.glb[39m[0m
[   0% ] [90m[1mimport[22m | Started Importar Escena (104 steps)[39m[0m
[   0% ] [90m[1mimport[22m | Importando Escena...[39m[0m
[   1% ] [90m[1mimport[22m | Ejecutando Script Personalizado...[39m[0m
[  99% ] [90m[1mimport[22m | Guardando...[39m[0m
[92m[ DONE ][39m [1mimport[22m
[0m
[  96% ] [90m[1mreimport[22m | pass_end.glb[39m[0m
[   0% ] [90m[1mimport[22m | Started Importar Escena (104 steps)[39m[0m
[   0% ] [90m[1mimport[22m | Importando Escena...[39m[0m
[   1% ] [90m[1mimport[22m | Ejecutando Script Personalizado...[39m[0m
[  99% ] [90m[1mimport[22m | Guardando...[39m[0m
[92m[ DONE ][39m [1mimport[22m
[0m
[  98% ] [90m[1mreimport[22m | Finalizando la importación de recursos...[39m[0m
[92m[ DONE ][39m [1mreimport[22m
[0m
[   0% ] [90m[1mreimport[22m | Started (Re)Importación de Assets (55 steps)[39m[0m
[   0% ] [90m[1mreimport[22m | Ejecutando operaciones post-reimportación...[39m[0m
[92m[ DONE ][39m [1mreimport[22m
[0m
[   0% ] [90m[1mloading_editor_layout[22m | Started Cargando editor (5 steps)[39m[0m
[   0% ] [90m[1mloading_editor_layout[22m | Cargando diseño del editor...[39m[0m
[  16% ] [90m[1mloading_editor_layout[22m | Cargando docks...[39m[0m
[92m[ DONE ][39m [1mloading_editor_layout[22m
[0m
