00:00.016  color_management | ERROR OpenColorIO Error: Error: Loading the OCIO profile '/usr/share/blender/5.2/datafiles/colormanagement/config.ocio' failed. This .ocio config  '/usr/share/blender/5.2/datafiles/colormanagement/config.ocio' is version 2.5. This version of the OpenColorIO library (2.4.2) is not able to load that config version.
                            | The minor version 5 is not supported for major version 2. Maximum minor version is 4.
00:00.016  color_management | Using fallback mode for management
/home/jeromo/orca/workspaces/Pulpasa/pul-091/art/concepts/estaciones/build_concepts.py:22: DeprecationWarning: 'Material.use_nodes' is expected to be removed in Blender 6.0
  mat=bpy.data.materials.new('atlas_'+n);mat.use_nodes=True
/home/jeromo/orca/workspaces/Pulpasa/pul-091/art/concepts/estaciones/build_concepts.py:59: DeprecationWarning: 'Material.use_nodes' is expected to be removed in Blender 6.0
  m=bpy.data.materials.new(key);m.use_nodes=True
Blender 5.2.2 LTS (hash unknown built 2026-09-15 00:00:00)
[OpenColorIO Info]: Color management disabled. (Specify the $OCIO environment variable to enable.)
00:05.480  cycles           | WARNING Colorspace sRGB can't be converted to scene_linear: Color space 'sRGB' could not be found.
00:05.480  cycles           | WARNING Colorspace sRGB not found, using scene linear instead
00:05.482  cycles           | WARNING Colorspace Non-Color can't be converted to scene_linear: Color space 'Non-Color' could not be found.
00:05.482  cycles           | WARNING Colorspace Non-Color not found, using scene linear instead
00:05.482  cycles           | WARNING Colorspace Non-Color not found, using scene linear instead
00:05.482  cycles           | WARNING Colorspace Non-Color not found, using scene linear instead
00:11.935  render           | Saved: '/home/jeromo/orca/workspaces/Pulpasa/pul-091/art/concepts/estaciones/A_station.png'
00:18.062  render           | Saved: '/home/jeromo/orca/workspaces/Pulpasa/pul-091/art/concepts/estaciones/A_trays.png'
00:24.510  render           | Saved: '/home/jeromo/orca/workspaces/Pulpasa/pul-091/art/concepts/estaciones/A_rack.png'
00:30.901  render           | Saved: '/home/jeromo/orca/workspaces/Pulpasa/pul-091/art/concepts/estaciones/A_counters.png'
00:37.529  render           | Saved: '/home/jeromo/orca/workspaces/Pulpasa/pul-091/art/concepts/estaciones/A_kiosks.png'
00:43.672  render           | Saved: '/home/jeromo/orca/workspaces/Pulpasa/pul-091/art/concepts/estaciones/A_native_1080.png'
Info: Saved as "direction_A.blend"
Info: Saved as "direction_A.blend"

Blender quit
