00:00.017  color_management | ERROR OpenColorIO Error: Error: Loading the OCIO profile '/usr/share/blender/5.2/datafiles/colormanagement/config.ocio' failed. This .ocio config  '/usr/share/blender/5.2/datafiles/colormanagement/config.ocio' is version 2.5. This version of the OpenColorIO library (2.4.2) is not able to load that config version.
                            | The minor version 5 is not supported for major version 2. Maximum minor version is 4.
00:00.017  color_management | Using fallback mode for management
00:00.730  blend            | Read blend: "/home/jeromo/orca/workspaces/Pulpasa/pul-094/art/blender/seasoning_station.blend"
00:00.735  reports          | Read library: '/home/jeromo/orca/workspaces/Pulpasa/pul-094/art/blender/_materials_v2.blend', '//_materials_v2.blend', parent '<direct>'
Blender 5.2.2 LTS (hash unknown built 2026-09-15 00:00:00)
/home/jeromo/orca/workspaces/Pulpasa/pul-094/docs/evidence/PUL-094/build_assets.py:18: DeprecationWarning: 'Material.use_nodes' is expected to be removed in Blender 6.0
  mat = bpy.data.materials.new('mat_al_paso_atlas'); mat.use_nodes = True
/home/jeromo/orca/workspaces/Pulpasa/pul-094/docs/evidence/PUL-094/build_assets.py:151: DeprecationWarning: 'Material.use_nodes' is expected to be removed in Blender 6.0
  invisible=bpy.data.materials.new('mat_outline_proxy');invisible.use_nodes=True
Warning: No mesh data to join
Info: Saved as "seasoning_station.blend"
ERROR Draco is not available because library could not be found at /usr/lib/blender/5.2/scripts/addons_core/io_scene_gltf2/libbf_intern_draco_bridge.so
ERROR MeshOptimizer is not available because library could not be found at /usr/lib/blender/5.2/scripts/addons_core/io_scene_gltf2/libbf_intern_meshopt_bridge.so
13:25:17 | INFO: Starting glTF 2.0 export
13:25:17 | INFO: Extracting primitive: Cube
13:25:17 | WARNING: More than one shader node tex image used for a texture. The resulting glTF sampler will behave like the first shader node tex image.
13:25:17 | INFO: Primitives created: 1
13:25:17 | INFO: Extracting primitive: Cube.009
13:25:17 | INFO: Primitives created: 1
13:25:17 | INFO: Extracting primitive: Cube.010
13:25:17 | INFO: Primitives created: 1
13:25:17 | INFO: Extracting primitive: Cube.011
13:25:17 | INFO: Primitives created: 1
13:25:17 | INFO: Extracting primitive: Cube.012
13:25:17 | INFO: Primitives created: 1
13:25:17 | INFO: Extracting primitive: Cube.013
13:25:17 | INFO: Primitives created: 1
13:25:17 | INFO: Extracting primitive: Cube.002
13:25:17 | WARNING: More than one shader node tex image used for a texture. The resulting glTF sampler will behave like the first shader node tex image.
13:25:17 | INFO: Primitives created: 1
13:25:17 | INFO: Extracting primitive: Cube.004
13:25:17 | INFO: Primitives created: 1
13:25:17 | INFO: Extracting primitive: Cube.005
13:25:17 | INFO: Primitives created: 1
13:25:17 | INFO: Extracting primitive: Cube.006
13:25:17 | INFO: Primitives created: 1
13:25:17 | INFO: Extracting primitive: Cube.007
13:25:17 | INFO: Primitives created: 1
13:25:17 | INFO: Extracting primitive: Cube.014
13:25:17 | INFO: Primitives created: 1
13:25:17 | INFO: Extracting primitive: ServiceChevron
13:25:17 | INFO: Primitives created: 1
13:25:17 | INFO: Extracting primitive: ServiceChevron.001
13:25:17 | INFO: Primitives created: 1
13:25:17 | INFO: Extracting primitive: ServiceChevron.002
13:25:17 | INFO: Primitives created: 1
13:25:17 | INFO: Extracting primitive: ServiceChevron.003
13:25:17 | INFO: Primitives created: 1
13:25:17 | INFO: Extracting primitive: ServiceChevron.004
13:25:17 | INFO: Primitives created: 1
13:25:17 | INFO: Extracting primitive: Cube.001
13:25:17 | INFO: Primitives created: 1
13:25:17 | INFO: Extracting primitive: Cube.008
13:25:17 | INFO: Primitives created: 1
13:25:17 | INFO: Extracting primitive: Cube.003
13:25:17 | INFO: Primitives created: 1
13:25:17 | INFO: Finished glTF 2.0 export in 0.034613847732543945 s

13:25:17 | INFO: Starting glTF 2.0 export
13:25:17 | INFO: Extracting primitive: Cylinder.015
13:25:17 | WARNING: More than one shader node tex image used for a texture. The resulting glTF sampler will behave like the first shader node tex image.
13:25:17 | INFO: Primitives created: 2
13:25:17 | INFO: Extracting primitive: Cylinder.005
13:25:17 | INFO: Primitives created: 2
13:25:17 | INFO: Extracting primitive: Cylinder
13:25:17 | WARNING: More than one shader node tex image used for a texture. The resulting glTF sampler will behave like the first shader node tex image.
13:25:17 | INFO: Primitives created: 2
13:25:17 | INFO: Extracting primitive: Cylinder.014
13:25:17 | INFO: Primitives created: 2
13:25:17 | INFO: Finished glTF 2.0 export in 0.016194820404052734 s

13:25:17 | INFO: Starting glTF 2.0 export
13:25:17 | INFO: Extracting primitive: bowl.001
13:25:17 | WARNING: More than one shader node tex image used for a texture. The resulting glTF sampler will behave like the first shader node tex image.
13:25:17 | INFO: Primitives created: 1
13:25:17 | INFO: Extracting primitive: Cylinder.021
13:25:17 | INFO: Primitives created: 1
13:25:17 | INFO: Extracting primitive: Cylinder.035
13:25:17 | INFO: Primitives created: 1
13:25:17 | INFO: Extracting primitive: Cylinder.023
13:25:17 | INFO: Primitives created: 1
13:25:17 | INFO: Extracting primitive: Cylinder.024
13:25:17 | INFO: Primitives created: 2
13:25:17 | INFO: Extracting primitive: Cylinder.025
13:25:17 | INFO: Primitives created: 2
13:25:17 | INFO: Extracting primitive: Cylinder.027
13:25:17 | INFO: Primitives created: 2
13:25:17 | INFO: Extracting primitive: Cylinder.034
13:25:17 | INFO: Primitives created: 2
13:25:17 | INFO: Finished glTF 2.0 export in 0.01820993423461914 s

PUL094_BUDGET {'seasoning_station': 1544, 'seasoning_dispenser': 1712, 'cachelos_bowl': 1098, 'total_all_variants_all_portions': 4354}

Blender quit
